[    0.000000] Initializing cgroup subsys cpuset
[    0.000000] Initializing cgroup subsys cpu
[    0.000000] Initializing cgroup subsys cpuacct
[    0.000000] Linux version 4.4.0-146-generic (buildd@lcy01-amd64-025) (gcc version 5.4.0 20160609 (Ubuntu 5.4.0-6ubuntu1~16.04.10) ) #172-Ubuntu SMP Wed Apr 3 09:00:08 UTC 2019 (Ubuntu 4.4.0-146.172-generic 4.4.177)
[    0.000000] Command line: BOOT_IMAGE=/boot/vmlinuz-4.4.0-146-generic root=LABEL=cloudimg-rootfs ro console=tty1 console=ttyS0
[    0.000000] KERNEL supported cpus:
[    0.000000]   Intel GenuineIntel
[    0.000000]   AMD AuthenticAMD
[    0.000000]   Centaur CentaurHauls
[    0.000000] x86/fpu: xstate_offset[2]:  576, xstate_sizes[2]:  256
[    0.000000] x86/fpu: Supporting XSAVE feature 0x01: 'x87 floating point registers'
[    0.000000] x86/fpu: Supporting XSAVE feature 0x02: 'SSE registers'
[    0.000000] x86/fpu: Supporting XSAVE feature 0x04: 'AVX registers'
[    0.000000] x86/fpu: Enabled xstate features 0x7, context size is 832 bytes, using 'standard' format.
[    0.000000] e820: BIOS-provided physical RAM map:
[    0.000000] BIOS-e820: [mem 0x0000000000000000-0x000000000009fbff] usable
[    0.000000] BIOS-e820: [mem 0x000000000009fc00-0x000000000009ffff] reserved
[    0.000000] BIOS-e820: [mem 0x00000000000f0000-0x00000000000fffff] reserved
[    0.000000] BIOS-e820: [mem 0x0000000000100000-0x000000003ffeffff] usable
[    0.000000] BIOS-e820: [mem 0x000000003fff0000-0x000000003fffffff] ACPI data
[    0.000000] BIOS-e820: [mem 0x00000000fec00000-0x00000000fec00fff] reserved
[    0.000000] BIOS-e820: [mem 0x00000000fee00000-0x00000000fee00fff] reserved
[    0.000000] BIOS-e820: [mem 0x00000000fffc0000-0x00000000ffffffff] reserved
[    0.000000] NX (Execute Disable) protection: active
[    0.000000] SMBIOS 2.5 present.
[    0.000000] Hypervisor detected: KVM
[    0.000000] e820: last_pfn = 0x3fff0 max_arch_pfn = 0x400000000
[    0.000000] MTRR: Disabled
[    0.000000] x86/PAT: MTRRs disabled, skipping PAT initialization too.
[    0.000000] CPU MTRRs all blank - virtualized system.
[    0.000000] x86/PAT: Configuration [0-7]: WB  WT  UC- UC  WB  WT  UC- UC  
[    0.000000] found SMP MP-table at [mem 0x0009fff0-0x0009ffff] mapped at [ffff88000009fff0]
[    0.000000] Scanning 1 areas for low memory corruption
[    0.000000] RAMDISK: [mem 0x362fa000-0x37174fff]
[    0.000000] ACPI: Early table checksum verification disabled
[    0.000000] ACPI: RSDP 0x00000000000E0000 000024 (v02 VBOX  )
[    0.000000] ACPI: XSDT 0x000000003FFF0030 00003C (v01 VBOX   VBOXXSDT 00000001 ASL  00000061)
[    0.000000] ACPI: FACP 0x000000003FFF00F0 0000F4 (v04 VBOX   VBOXFACP 00000001 ASL  00000061)
[    0.000000] ACPI: DSDT 0x000000003FFF0470 0022EA (v02 VBOX   VBOXBIOS 00000002 INTL 20100528)
[    0.000000] ACPI: FACS 0x000000003FFF0200 000040
[    0.000000] ACPI: FACS 0x000000003FFF0200 000040
[    0.000000] ACPI: APIC 0x000000003FFF0240 00005C (v02 VBOX   VBOXAPIC 00000001 ASL  00000061)
[    0.000000] ACPI: SSDT 0x000000003FFF02A0 0001CC (v01 VBOX   VBOXCPUT 00000002 INTL 20100528)
[    0.000000] No NUMA configuration found
[    0.000000] Faking a node at [mem 0x0000000000000000-0x000000003ffeffff]
[    0.000000] NODE_DATA(0) allocated [mem 0x3ffeb000-0x3ffeffff]
[    0.000000] kvm-clock: Using msrs 4b564d01 and 4b564d00
[    0.000000] kvm-clock: cpu 0, msr 0:3ffe3001, primary cpu clock
[    0.000000] kvm-clock: using sched offset of 8496139845 cycles
[    0.000000] clocksource: kvm-clock: mask: 0xffffffffffffffff max_cycles: 0x1cd42e4dffb, max_idle_ns: 881590591483 ns
[    0.000000] Zone ranges:
[    0.000000]   DMA      [mem 0x0000000000001000-0x0000000000ffffff]
[    0.000000]   DMA32    [mem 0x0000000001000000-0x000000003ffeffff]
[    0.000000]   Normal   empty
[    0.000000]   Device   empty
[    0.000000] Movable zone start for each node
[    0.000000] Early memory node ranges
[    0.000000]   node   0: [mem 0x0000000000001000-0x000000000009efff]
[    0.000000]   node   0: [mem 0x0000000000100000-0x000000003ffeffff]
[    0.000000] Initmem setup node 0 [mem 0x0000000000001000-0x000000003ffeffff]
[    0.000000] ACPI: PM-Timer IO Port: 0x4008
[    0.000000] IOAPIC[0]: apic_id 2, version 32, address 0xfec00000, GSI 0-23
[    0.000000] ACPI: INT_SRC_OVR (bus 0 bus_irq 0 global_irq 2 dfl dfl)
[    0.000000] ACPI: INT_SRC_OVR (bus 0 bus_irq 9 global_irq 9 low level)
[    0.000000] Using ACPI (MADT) for SMP configuration information
[    0.000000] smpboot: Allowing 2 CPUs, 0 hotplug CPUs
[    0.000000] PM: Registered nosave memory: [mem 0x00000000-0x00000fff]
[    0.000000] PM: Registered nosave memory: [mem 0x0009f000-0x0009ffff]
[    0.000000] PM: Registered nosave memory: [mem 0x000a0000-0x000effff]
[    0.000000] PM: Registered nosave memory: [mem 0x000f0000-0x000fffff]
[    0.000000] e820: [mem 0x40000000-0xfebfffff] available for PCI devices
[    0.000000] Booting paravirtualized kernel on KVM
[    0.000000] clocksource: refined-jiffies: mask: 0xffffffff max_cycles: 0xffffffff, max_idle_ns: 7645519600211568 ns
[    0.000000] setup_percpu: NR_CPUS:512 nr_cpumask_bits:512 nr_cpu_ids:2 nr_node_ids:1
[    0.000000] PERCPU: Embedded 34 pages/cpu @ffff88003fc00000 s99480 r8192 d31592 u1048576
[    0.000000] Built 1 zonelists in Node order, mobility grouping on.  Total pages: 257912
[    0.000000] Policy zone: DMA32
[    0.000000] Kernel command line: BOOT_IMAGE=/boot/vmlinuz-4.4.0-146-generic root=LABEL=cloudimg-rootfs ro console=tty1 console=ttyS0
[    0.000000] PID hash table entries: 4096 (order: 3, 32768 bytes)
[    0.000000] Memory: 997732K/1048120K available (8609K kernel code, 1334K rwdata, 4028K rodata, 1484K init, 1284K bss, 50388K reserved, 0K cma-reserved)
[    0.000000] SLUB: HWalign=64, Order=0-3, MinObjects=0, CPUs=2, Nodes=1
[    0.000000] Kernel/User page tables isolation: enabled
[    0.000000] Hierarchical RCU implementation.
[    0.000000] 	Build-time adjustment of leaf fanout to 64.
[    0.000000] 	RCU restricting CPUs from NR_CPUS=512 to nr_cpu_ids=2.
[    0.000000] RCU: Adjusting geometry for rcu_fanout_leaf=64, nr_cpu_ids=2
[    0.000000] NR_IRQS:33024 nr_irqs:440 16
[    0.000000] Console: colour VGA+ 80x25
[    0.000000] console [tty1] enabled
[    0.000000] console [ttyS0] enabled
[    0.000000] tsc: Detected 1599.999 MHz processor
[    0.270470] Calibrating delay loop (skipped) preset value.. 3199.99 BogoMIPS (lpj=6399996)
[    0.276360] pid_max: default: 32768 minimum: 301
[    0.278259] ACPI: Core revision 20150930
[    0.281217] ACPI: 2 ACPI AML tables successfully acquired and loaded
[    0.283961] Security Framework initialized
[    0.285752] Yama: becoming mindful.
[    0.287685] AppArmor: AppArmor initialized
[    0.289607] Dentry cache hash table entries: 131072 (order: 8, 1048576 bytes)
[    0.294577] Inode-cache hash table entries: 65536 (order: 7, 524288 bytes)
[    0.297704] Mount-cache hash table entries: 2048 (order: 2, 16384 bytes)
[    0.301720] Mountpoint-cache hash table entries: 2048 (order: 2, 16384 bytes)
[    0.305439] Initializing cgroup subsys io
[    0.307139] Initializing cgroup subsys memory
[    0.308966] Initializing cgroup subsys devices
[    0.311073] Initializing cgroup subsys freezer
[    0.313021] Initializing cgroup subsys net_cls
[    0.314810] Initializing cgroup subsys perf_event
[    0.316661] Initializing cgroup subsys net_prio
[    0.319187] Initializing cgroup subsys hugetlb
[    0.321551] Initializing cgroup subsys pids
[    0.324300] mce: CPU supports 0 MCE banks
[    0.326386] Last level iTLB entries: 4KB 64, 2MB 8, 4MB 8
[    0.328677] Last level dTLB entries: 4KB 64, 2MB 0, 4MB 0, 1GB 4
[    0.331239] Spectre V2 : Mitigation: Full generic retpoline
[    0.333502] Spectre V2 : Spectre v2 / SpectreRSB mitigation: Filling RSB on context switch
[    0.337601] Speculative Store Bypass: Vulnerable
[    0.342985] Freeing SMP alternatives memory: 36K
[    0.352350] ftrace: allocating 32287 entries in 127 pages
[    0.423986] smpboot: APIC(0) Converting physical 0 to logical package 0
[    0.426713] smpboot: Max logical packages: 1
[    0.428758] x2apic enabled
[    0.430327] Switched APIC routing to physical x2apic.
[    0.434191] ..TIMER: vector=0x30 apic1=0 pin1=2 apic2=-1 pin2=-1
[    0.541513] smpboot: CPU0: Intel(R) Core(TM) i5-5250U CPU @ 1.60GHz (family: 0x6, model: 0x3d, stepping: 0x4)
[    0.548209] Performance Events: unsupported p6 CPU model 61 no PMU driver, software events only.
[    0.566106] KVM setup paravirtual spinlock
[    0.569506] x86: Booting SMP configuration:
[    0.571773] .... node  #0, CPUs:      #1
[    0.573677] kvm-clock: cpu 1, msr 0:3ffe3041, secondary cpu clock
[    0.577435] mce: CPU supports 0 MCE banks
[    0.581040] x86: Booted up 1 node, 2 CPUs
[    0.583113] smpboot: Total of 2 processors activated (6399.99 BogoMIPS)
[    0.587644] devtmpfs: initialized
[    0.590650] evm: security.selinux
[    0.592490] evm: security.SMACK64
[    0.594122] evm: security.SMACK64EXEC
[    0.595792] evm: security.SMACK64TRANSMUTE
[    0.597609] evm: security.SMACK64MMAP
[    0.599117] evm: security.ima
[    0.600602] evm: security.capability
[    0.602880] clocksource: jiffies: mask: 0xffffffff max_cycles: 0xffffffff, max_idle_ns: 7645041785100000 ns
[    0.606871] futex hash table entries: 512 (order: 3, 32768 bytes)
[    0.609913] pinctrl core: initialized pinctrl subsystem
[    0.612452] RTC time:  8:18:05, date: 05/15/19
[    0.614740] NET: Registered protocol family 16
[    0.634195] cpuidle: using governor ladder
[    0.646440] cpuidle: using governor menu
[    0.650274] PCCT header not found.
[    0.652704] ACPI: bus type PCI registered
[    0.654816] acpiphp: ACPI Hot Plug PCI Controller Driver version: 0.5
[    0.658218] PCI: Using configuration type 1 for base access
[    0.676225] ACPI: Added _OSI(Module Device)
[    0.678583] ACPI: Added _OSI(Processor Device)
[    0.680966] ACPI: Added _OSI(3.0 _SCP Extensions)
[    0.682942] ACPI: Added _OSI(Processor Aggregator Device)
[    0.686197] ACPI: Executed 1 blocks of module-level executable AML code
[    0.691548] ACPI: Interpreter enabled
[    0.693074] ACPI: (supports S0 S5)
[    0.694522] ACPI: Using IOAPIC for interrupt routing
[    0.696842] PCI: Using host bridge windows from ACPI; if necessary, use "pci=nocrs" and report a bug
[    0.708886] ACPI: PCI Root Bridge [PCI0] (domain 0000 [bus 00-ff])
[    0.711461] acpi PNP0A03:00: _OSC: OS supports [ASPM ClockPM Segments MSI]
[    0.715584] acpi PNP0A03:00: _OSC: not requesting OS control; OS requires [ExtendedConfig ASPM ClockPM MSI]
[    0.721002] acpi PNP0A03:00: fail to add MMCONFIG information, can't access extended PCI configuration space under this bridge.
[    0.727315] PCI host bridge to bus 0000:00
[    0.729342] pci_bus 0000:00: root bus resource [io  0x0000-0x0cf7 window]
[    0.732369] pci_bus 0000:00: root bus resource [io  0x0d00-0xffff window]
[    0.735423] pci_bus 0000:00: root bus resource [mem 0x000a0000-0x000bffff window]
[    0.738682] pci_bus 0000:00: root bus resource [mem 0x40000000-0xfdffffff window]
[    0.741880] pci_bus 0000:00: root bus resource [bus 00-ff]
[    0.749077] pci 0000:00:01.1: legacy IDE quirk: reg 0x10: [io  0x01f0-0x01f7]
[    0.752402] pci 0000:00:01.1: legacy IDE quirk: reg 0x14: [io  0x03f6]
[    0.755095] pci 0000:00:01.1: legacy IDE quirk: reg 0x18: [io  0x0170-0x0177]
[    0.757811] pci 0000:00:01.1: legacy IDE quirk: reg 0x1c: [io  0x0376]
[    0.789835] pci 0000:00:07.0: quirk: [io  0x4000-0x403f] claimed by PIIX4 ACPI
[    0.793245] pci 0000:00:07.0: quirk: [io  0x4100-0x410f] claimed by PIIX4 SMB
[    0.828041] ACPI: PCI Interrupt Link [LNKA] (IRQs 5 9 10 *11)
[    0.831306] ACPI: PCI Interrupt Link [LNKB] (IRQs 5 9 *10 11)
[    0.836229] ACPI: PCI Interrupt Link [LNKC] (IRQs 5 *9 10 11)
[    0.839317] ACPI: PCI Interrupt Link [LNKD] (IRQs 5 9 10 *11)
[    0.843862] ACPI: Enabled 2 GPEs in block 00 to 07
[    0.846430] vgaarb: setting as boot device: PCI:0000:00:02.0
[    0.849526] vgaarb: device added: PCI:0000:00:02.0,decodes=io+mem,owns=io+mem,locks=none
[    0.853126] vgaarb: loaded
[    0.854541] vgaarb: bridge control possible 0000:00:02.0
[    0.857962] SCSI subsystem initialized
[    0.860101] ACPI: bus type USB registered
[    0.862095] usbcore: registered new interface driver usbfs
[    0.865256] usbcore: registered new interface driver hub
[    0.867720] usbcore: registered new device driver usb
[    0.870942] PCI: Using ACPI for IRQ routing
[    0.874134] NetLabel: Initializing
[    0.875646] NetLabel:  domain hash size = 128
[    0.877795] NetLabel:  protocols = UNLABELED CIPSOv4
[    0.882437] NetLabel:  unlabeled traffic allowed by default
[    0.885202] amd_nb: Cannot enumerate AMD northbridges
[    0.888302] clocksource: Switched to clocksource kvm-clock
[    0.902215] AppArmor: AppArmor Filesystem Enabled
[    0.905606] pnp: PnP ACPI init
[    0.908681] pnp: PnP ACPI: found 3 devices
[    0.925813] clocksource: acpi_pm: mask: 0xffffff max_cycles: 0xffffff, max_idle_ns: 2085701024 ns
[    0.930617] NET: Registered protocol family 2
[    0.932852] TCP established hash table entries: 8192 (order: 4, 65536 bytes)
[    0.935700] TCP bind hash table entries: 8192 (order: 5, 131072 bytes)
[    0.939556] TCP: Hash tables configured (established 8192 bind 8192)
[    0.942365] UDP hash table entries: 512 (order: 2, 16384 bytes)
[    0.945327] UDP-Lite hash table entries: 512 (order: 2, 16384 bytes)
[    0.948200] NET: Registered protocol family 1
[    0.950027] pci 0000:00:00.0: Limiting direct PCI/PCI transfers
[    0.953087] pci 0000:00:01.0: Activating ISA DMA hang workarounds
[    0.956439] Unpacking initramfs...
[    1.246059] Freeing initrd memory: 14828K
[    1.247954] RAPL PMU detected, API unit is 2^-32 Joules, 4 fixed counters 10737418240 ms ovfl timer
[    1.251829] hw unit of domain pp0-core 2^-0 Joules
[    1.253896] hw unit of domain package 2^-0 Joules
[    1.255753] hw unit of domain dram 2^-0 Joules
[    1.257579] hw unit of domain pp1-gpu 2^-0 Joules
[    1.259534] platform rtc_cmos: registered platform RTC device (no PNP device found)
[    1.263098] Scanning for low memory corruption every 60 seconds
[    1.266016] audit: initializing netlink subsys (disabled)
[    1.268163] audit: type=2000 audit(1557908295.550:1): initialized
[    1.270839] Initialise system trusted keyring
[    1.272810] HugeTLB registered 2 MB page size, pre-allocated 0 pages
[    1.276704] zbud: loaded
[    1.278434] VFS: Disk quotas dquot_6.6.0
[    1.280404] VFS: Dquot-cache hash table entries: 512 (order 0, 4096 bytes)
[    1.283739] squashfs: version 4.0 (2009/01/31) Phillip Lougher
[    1.286740] fuse init (API version 7.23)
[    1.288924] Key type big_key registered
[    1.290533] Allocating IMA MOK and blacklist keyrings.
[    1.294998] Key type asymmetric registered
[    1.296706] Asymmetric key parser 'x509' registered
[    1.298688] Block layer SCSI generic (bsg) driver version 0.4 loaded (major 249)
[    1.301910] io scheduler noop registered
[    1.303549] io scheduler deadline registered (default)
[    1.305660] io scheduler cfq registered
[    1.307342] pci_hotplug: PCI Hot Plug PCI Core version: 0.5
[    1.309570] pciehp: PCI Express Hot Plug Controller Driver version: 0.4
[    1.312534] ACPI: AC Adapter [AC] (off-line)
[    1.314335] input: Power Button as /devices/LNXSYSTM:00/LNXPWRBN:00/input/input0
[    1.317417] ACPI: Power Button [PWRF]
[    1.319061] input: Sleep Button as /devices/LNXSYSTM:00/LNXSLPBN:00/input/input1
[    1.322116] ACPI: Sleep Button [SLPF]
[    1.323912] GHES: HEST is not enabled!
[    1.325608] ACPI: Battery Slot [BAT0] (battery present)
[    1.329020] Serial: 8250/16550 driver, 32 ports, IRQ sharing enabled
[    1.352785] 00:02: ttyS0 at I/O 0x3f8 (irq = 4, base_baud = 115200) is a 16550A
[    1.361818] Linux agpgart interface v0.103
[    1.366464] loop: module loaded
[    1.368897] scsi host0: ata_piix
[    1.370654] scsi host1: ata_piix
[    1.372576] ata1: PATA max UDMA/33 cmd 0x1f0 ctl 0x3f6 bmdma 0xd000 irq 14
[    1.375152] ata2: PATA max UDMA/33 cmd 0x170 ctl 0x376 bmdma 0xd008 irq 15
[    1.378015] libphy: Fixed MDIO Bus: probed
[    1.380070] tun: Universal TUN/TAP device driver, 1.6
[    1.382312] tun: (C) 1999-2004 Max Krasnyansky <maxk@qualcomm.com>
[    1.384872] PPP generic driver version 2.4.2
[    1.386789] ehci_hcd: USB 2.0 'Enhanced' Host Controller (EHCI) Driver
[    1.389439] ehci-pci: EHCI PCI platform driver
[    1.391229] ehci-platform: EHCI generic platform driver
[    1.393326] ohci_hcd: USB 1.1 'Open' Host Controller (OHCI) Driver
[    1.395674] ohci-pci: OHCI PCI platform driver
[    1.397599] ohci-platform: OHCI generic platform driver
[    1.399651] uhci_hcd: USB Universal Host Controller Interface driver
[    1.402241] i8042: PNP: PS/2 Controller [PNP0303:PS2K,PNP0f03:PS2M] at 0x60,0x64 irq 1,12
[    1.406050] serio: i8042 KBD port at 0x60,0x64 irq 1
[    1.408008] serio: i8042 AUX port at 0x60,0x64 irq 12
[    1.410415] mousedev: PS/2 mouse device common for all mice
[    1.413288] input: AT Translated Set 2 keyboard as /devices/platform/i8042/serio0/input/input2
[    1.417347] rtc_cmos rtc_cmos: rtc core: registered rtc_cmos as rtc0
[    1.419930] rtc_cmos rtc_cmos: alarms up to one day, 114 bytes nvram
[    1.422974] i2c /dev entries driver
[    1.424918] device-mapper: uevent: version 1.0.3
[    1.427026] device-mapper: ioctl: 4.34.0-ioctl (2015-10-28) initialised: dm-devel@redhat.com
[    1.430732] ledtrig-cpu: registered to indicate activity on CPUs
[    1.433895] NET: Registered protocol family 10
[    1.436176] NET: Registered protocol family 17
[    1.438317] Key type dns_resolver registered
[    1.440744] registered taskstats version 1
[    1.442493] Loading compiled-in X.509 certificates
[    1.445109] Loaded X.509 cert 'Build time autogenerated kernel key: 4dcb2dc2c7cf43e0c20c44384f68683c20294489'
[    1.449214] zswap: loaded using pool lzo/zbud
[    1.453249] Key type trusted registered
[    1.459187] Key type encrypted registered
[    1.461003] AppArmor: AppArmor sha1 policy hashing enabled
[    1.463111] ima: No TPM chip found, activating TPM-bypass!
[    1.465312] ima: Allocated hash algorithm: sha1
[    1.467133] evm: HMAC attrs: 0x1
[    1.469322]   Magic number: 3:239:321
[    1.470879] tty tty46: hash matches
[    1.472341] pci 0000:00:02.0: hash matches
[    1.474193] rtc_cmos rtc_cmos: setting system clock to 2019-05-15 08:18:05 UTC (1557908285)
[    1.477716] BIOS EDD facility v0.16 2004-Jun-25, 0 devices found
[    1.480019] EDD information not available.
[    1.539387] Freeing unused kernel memory: 1484K
[    1.542121] Write protecting the kernel read-only data: 14336k
[    1.547154] Freeing unused kernel memory: 1620K
[    1.549581] Freeing unused kernel memory: 68K
Loading, please wait...
starting version 229
[    1.571033] random: systemd-udevd: uninitialized urandom read (16 bytes read, 3 bits of entropy available)
[    1.571584] random: udevadm: uninitialized urandom read (16 bytes read, 3 bits of entropy available)
[    1.571619] random: udevadm: uninitialized urandom read (16 bytes read, 3 bits of entropy available)
[    1.583172] random: systemd-udevd: uninitialized urandom read (16 bytes read, 3 bits of entropy available)
[    1.584695] random: udevadm: uninitialized urandom read (16 bytes read, 3 bits of entropy available)
[    1.584771] random: udevadm: uninitialized urandom read (16 bytes read, 3 bits of entropy available)
[    1.584991] random: udevadm: uninitialized urandom read (16 bytes read, 3 bits of entropy available)
[    1.585079] random: udevadm: uninitialized urandom read (16 bytes read, 3 bits of entropy available)
[    1.585162] random: udevadm: uninitialized urandom read (16 bytes read, 3 bits of entropy available)
[    1.585242] random: udevadm: uninitialized urandom read (16 bytes read, 3 bits of entropy available)
[    1.648114] e1000: Intel(R) PRO/1000 Network Driver - version 7.3.21-k8-NAPI
[    1.651714] e1000: Copyright (c) 1999-2006 Intel Corporation.
[    1.657246] Fusion MPT base driver 3.04.20
[    1.659391] Copyright (c) 1999-2008 LSI Corporation
[    1.668991] Fusion MPT SPI Host driver 3.04.20
[    1.683129] AVX2 version of gcm_enc/dec engaged.
[    1.685322] AES CTR mode by8 optimization enabled
[    1.878660] input: ImExPS/2 Generic Explorer Mouse as /devices/platform/i8042/serio1/input/input4
[    2.135430] e1000 0000:00:03.0 eth0: (PCI:33MHz:32-bit) 02:3a:f4:24:e2:72
[    2.138238] e1000 0000:00:03.0 eth0: Intel(R) PRO/1000 Network Connection
[    2.142317] mptbase: ioc0: Initiating bringup
[    2.468561] tsc: Refined TSC clocksource calibration: 1599.298 MHz
[    2.472790] clocksource: tsc: mask: 0xffffffffffffffff max_cycles: 0x170d8dd1340, max_idle_ns: 440795281239 ns
[    2.518358] ioc0: LSI53C1030 A0: Capabilities={Initiator}
[    3.560682] scsi host2: ioc0: LSI53C1030 A0, FwRev=00000000h, Ports=1, MaxQ=256, IRQ=20
[    4.142073] scsi 2:0:0:0: Direct-Access     VBOX     HARDDISK         1.0  PQ: 0 ANSI: 5
[    4.145966] scsi target2:0:0: Beginning Domain Validation
[    4.151071] scsi target2:0:0: Domain Validation skipping write tests
[    4.153733] scsi target2:0:0: Ending Domain Validation
[    4.156061] scsi target2:0:0: asynchronous
[    4.158796] scsi 2:0:1:0: Direct-Access     VBOX     HARDDISK         1.0  PQ: 0 ANSI: 5
[    4.173809] scsi target2:0:1: Beginning Domain Validation
[    4.177540] scsi target2:0:1: Domain Validation skipping write tests
[    4.179956] scsi target2:0:1: Ending Domain Validation
[    4.182161] scsi target2:0:1: asynchronous
[    4.213447] sd 2:0:0:0: Attached scsi generic sg0 type 0
[    4.216134] sd 2:0:0:0: [sda] 20971520 512-byte logical blocks: (10.7 GB/10.0 GiB)
[    4.220126] sd 2:0:1:0: [sdb] 20480 512-byte logical blocks: (10.5 MB/10.0 MiB)
[    4.223553] sd 2:0:1:0: Attached scsi generic sg1 type 0
[    4.226345] sd 2:0:1:0: [sdb] Write Protect is off
[    4.228487] sd 2:0:0:0: [sda] Write Protect is off
[    4.230961] sd 2:0:0:0: [sda] Incomplete mode parameter data
[    4.234109] sd 2:0:0:0: [sda] Assuming drive cache: write through
[    4.237326] sd 2:0:1:0: [sdb] Incomplete mode parameter data
[    4.240261] sd 2:0:1:0: [sdb] Assuming drive cache: write through
[    4.250837]  sda: sda1
[    4.256481] sd 2:0:1:0: [sdb] Attached SCSI disk
[    4.259049] sd 2:0:0:0: [sda] Attached SCSI disk
[    4.656868] e1000 0000:00:08.0 eth1: (PCI:33MHz:32-bit) 08:00:27:dc:48:36
[    4.659525] e1000 0000:00:08.0 eth1: Intel(R) PRO/1000 Network Connection
[    4.663801] e1000 0000:00:08.0 enp0s8: renamed from eth1
[    4.681497] e1000 0000:00:03.0 enp0s3: renamed from eth0
Begin: Loading essential drivers ... [    6.068243] md: linear personality registered for level -1
[    6.074256] md: multipath personality registered for level -4
[    6.080486] md: raid0 personality registered for level 0
[    6.088521] md: raid1 personality registered for level 1
[    6.164385] raid6: sse2x1   gen()  8088 MB/s
[    6.232807] raid6: sse2x1   xor()  6266 MB/s
[    6.300368] raid6: sse2x2   gen() 10087 MB/s
[    6.369022] raid6: sse2x2   xor()  6349 MB/s
[    6.440675] raid6: sse2x4   gen() 11191 MB/s
[    6.508909] raid6: sse2x4   xor()  7790 MB/s
[    6.576378] raid6: avx2x1   gen() 14384 MB/s
[    6.644538] raid6: avx2x2   gen() 18228 MB/s
[    6.712914] raid6: avx2x4   gen() 20453 MB/s
[    6.714864] raid6: using algorithm avx2x4 gen() 20453 MB/s
[    6.717467] raid6: using avx2x2 recovery algorithm
[    6.722028] xor: automatically using best checksumming function:
[    6.760546]    avx       : 22440.000 MB/sec
[    6.764714] async_tx: api initialized (async)
[    6.779873] md: raid6 personality registered for level 6
[    6.782141] md: raid5 personality registered for level 5
[    6.784206] md: raid4 personality registered for level 4
[    6.795419] md: raid10 personality registered for level 10
done.
Begin: Running /scripts/init-premount ... done.
Begin: Mounting root file system ... Begin: Running /scripts/local-top ... done.
Begin: Running /scripts/local-premount ... [    6.837606] Btrfs loaded
Scanning for Btrfs filesystems
done.
Warning: fsck not present, so skipping root file system
[    6.922283] EXT4-fs (sda1): mounted filesystem with ordered data mode. Opts: (null)
done.
Begin: Running /scripts/local-bottom ... done.
Begin: Running /scripts/init-bottom ... done.
[    7.391680] systemd[1]: systemd 229 running in system mode. (+PAM +AUDIT +SELINUX +IMA +APPARMOR +SMACK +SYSVINIT +UTMP +LIBCRYPTSETUP +GCRYPT +GNUTLS +ACL +XZ -LZ4 +SECCOMP +BLKID +ELFUTILS +KMOD -IDN)
[    7.398934] systemd[1]: Detected virtualization oracle.
[    7.401137] systemd[1]: Detected architecture x86-64.

Welcome to [1mUbuntu 16.04.6 LTS[0m!

[    7.411542] systemd[1]: Set hostname to <ubuntu>.
[    7.428610] systemd[1]: Initializing machine ID from random generator.
[    7.433496] systemd[1]: Installed transient /etc/machine-id file.
[    8.170380] systemd[1]: Listening on LVM2 poll daemon socket.
[[0;32m  OK  [0m] Listening on LVM2 poll daemon socket.
[    8.177390] systemd[1]: Reached target Swap.
[[0;32m  OK  [0m] Reached target Swap.
[    8.181688] systemd[1]: Listening on Journal Audit Socket.
[[0;32m  OK  [0m] Listening on Journal Audit Socket.
[    8.186630] systemd[1]: Created slice User and Session Slice.
[[0;32m  OK  [0m] Created slice User and Session Slice.
[    8.191090] systemd[1]: Reached target User and Group Name Lookups.
[[0;32m  OK  [0m] Reached target User and Group Name Lookups.
[    8.195860] systemd[1]: Listening on /dev/initctl Compatibility Named Pipe.
[[0;32m  OK  [0m] Listening on /dev/initctl Compatibility Named Pipe.
[    8.201073] systemd[1]: Listening on Device-mapper event daemon FIFOs.
[[0;32m  OK  [0m] Listening on Device-mapper event daemon FIFOs.
[    8.206002] systemd[1]: Listening on Journal Socket.
[[0;32m  OK  [0m] Listening on Journal Socket.
[    8.209948] systemd[1]: Started Trigger resolvconf update for networkd DNS.
[[0;32m  OK  [0m] Started Trigger resolvconf update for networkd DNS.
[    8.215098] systemd[1]: Listening on LVM2 metadata daemon socket.
[[0;32m  OK  [0m] Listening on LVM2 metadata daemon socket.
[    8.219742] systemd[1]: Listening on udev Kernel Socket.
[[0;32m  OK  [0m] Listening on udev Kernel Socket.
[    8.224066] systemd[1]: Set up automount Arbitrary Executable File Formats File System Automount Point.
[[0;32m  OK  [0m] Set up automount Arbitrary Executab...ats File System Automount Point.
[    8.230804] systemd[1]: Listening on Journal Socket (/dev/log).
[[0;32m  OK  [0m] Listening on Journal Socket (/dev/log).
[    8.235580] systemd[1]: Started Forward Password Requests to Wall Directory Watch.
[[0;32m  OK  [0m] Started Forward Password Requests to Wall Directory Watch.
[    8.241775] systemd[1]: Listening on udev Control Socket.
[[0;32m  OK  [0m] Listening on udev Control Socket.
[    8.246525] systemd[1]: Created slice System Slice.
[[0;32m  OK  [0m] Created slice System Slice.
[    8.250700] systemd[1]: Created slice system-serial\x2dgetty.slice.
[[0;32m  OK  [0m] Created slice system-serial\x2dgetty.slice.
[    8.467825] systemd[1]: Mounting POSIX Message Queue File System...
         Mounting POSIX Message Queue File System...
[    8.476191] systemd[1]: Starting Nameserver information manager...
         Starting Nameserver information manager...
[    8.482313] systemd[1]: Mounting Debug File System...
         Mounting Debug File System...
[    8.487594] systemd[1]: Starting Create list of required static device nodes for the current kernel...
         Starting Create list of required st... nodes for the current kernel...
[    8.495188] systemd[1]: Mounting Huge Pages File System...
         Mounting Huge Pages File System...
[    8.500508] systemd[1]: Starting Monitoring of LVM2 mirrors, snapshots etc. using dmeventd or progress polling...
         Starting Monitoring of LVM2 mirrors... dmeventd or progress polling...
[    8.516582] systemd[1]: Starting Load Kernel Modules...
         Starting Load Kernel Modules...
[    8.529273] systemd[1]: Reached target Slices.
[[0;32m  OK  [0m] Reached target Slices.
[    8.552759] systemd[1]: Starting Remount Root and Kernel File Systems...
         Starting Remount Root and Kernel File Systems...
[    8.563444] systemd[1]: Starting Set console keymap...
[    8.566007] EXT4-fs (sda1): re-mounted. Opts: (null)
         Starting Set console keymap...
[    8.570183] systemd[1]: Reached target Encrypted Volumes.
[[0;32m  OK  [0m] Reached target E[    8.573771] Loading iSCSI transport class v2.0-870.
ncrypted Volumes.
[    8.578797] systemd[1]: Starting Uncomplicated firewall...
         Starting Uncomplicated firewall...
[    8.584011] systemd[1]: Listening on Syslog Socket.
[[0;32m  OK  [0m] Listening on Syslog Socket.
[    8.590861] systemd[1]: Starting Journal Service...
         Starting Journal Service...
[    8.595181] systemd[1]: Reached target System Time Synchronized.
[[0;32m  OK  [0m] Reached target S[    8.599983] iscsi: registered transport (tcp)
ystem Time Synchronized.
[    8.607313] systemd[1]: Mounted POSIX Message Queue File System.
[[0;32m  OK  [0m] Mounted POSIX Message Queue File System.
[    8.615402] systemd[1]: Mounted Debug File System.
[[0;32m  OK  [0m] Mounted Debug File System.
[    8.619849] systemd[1]: Mounted Huge Pages File System.
[[0;32m  OK  [0m] Mounted Huge Pages File System.
[    8.625927] systemd[1]: Started Create list of required static device nodes for the current kernel.
[[0;32m  OK  [0m] Started Create list of required sta...ce nodes for the current kernel.
[    8.638548] systemd[1]: Started Remount Root and Kernel File Systems.
[[0;32m  OK  [0m] Started Remount Root and Kernel File Systems.
[    8.645889] systemd[1]: Started Uncomplicated firewall.
[[0;32m  OK  [0m] Started Uncomplicated firewall.
[    8.668745] systemd[1]: Started Nameserver information manager.
[[0;32m  OK  [0m] Started Nameserver information manager.
[    8.680629] systemd[1]: Started Set console keymap.
[[0;32m  OK  [0m] Started Set console keymap.
[    8.687713] systemd[1]: Started Journal Service.
[[0;32m  OK  [0m] Started Journal Service.
[    8.711296] iscsi: registered transport (iser)
[[0;32m  OK  [0m] Started Load Kernel Modules.
[    8.735781] random: nonblocking pool is initialized
         Starting Apply Kernel Variables...
         Mounting FUSE Control File System...
[[0;32m  OK  [0m] Started LVM2 metadata daemon.
         Starting udev Coldplug all Devices...
         Starting Load/Save Random Seed...
         Starting Flush Journal to Persistent Storage...
         Starting Create Static Device Nodes in /dev...
[[0;32m  OK  [0m] Mounted FUSE Control File System.
[[0;32m  OK  [0m] Started Apply Kernel Variables.
[[0;32m  OK  [0m] Started Load/Save Random Seed.
[[0;32m  OK  [0m] Started Create Static Device Nodes in /dev.
[[0;32m  OK  [0m] Started Flush Journal to Persistent Storage.
         Starting udev Kernel Device Manager...
[[0;32m  OK  [0m] Started udev Coldplug all Devices.
[[0;32m  OK  [0m] Started Monitoring of LVM2 mirrors,...ng dmeventd or progress polling.
[[0;32m  OK  [0m] Reached target Local File Systems (Pre).
[[0;32m  OK  [0m] Reached target Local File Systems.
         Starting Tell Plymouth To Write Out Runtime Data...
         Starting LSB: AppArmor initialization...
         Starting Initial cloud-init job (pre-networking)...
         Starting Commit a transient machine-id on disk...
         Starting Set console font and keymap...
         Starting Create Volatile Files and Directories...
[[0;32m  OK  [0m] Started udev Kernel Device Manager.
[[0;32m  OK  [0m] Started Tell Plymouth To Write Out Runtime Data.
[[0;32m  OK  [0m] Started Create Volatile Files and Directories.
[[0;32m  OK  [0m] Started Commit a transient machine-id on disk.
         Starting Update UTMP about System Boot/Shutdown...
[[0;32m  OK  [0m] Started Dispatch Password Requests to Console Directory Watch.
[[0;32m  OK  [0m] Started Update UTMP about System Boot/Shutdown.
[[0;32m  OK  [0m] Found device /dev/ttyS0.
[[0;32m  OK  [0m] Listening on Load/Save RF Kill Switch Status /dev/rfkill Watch.
[[0;32m  OK  [0m] Started Set console font and keymap.
[[0;32m  OK  [0m] Started LSB: AppArmor initialization.
[[0;32m  OK  [0m] Created slice system-getty.slice.
[   11.194364] cloud-init[474]: Cloud-init v. 18.5-45-g3554ffe8-0ubuntu1~16.04.1 running 'init-local' at Wed, 15 May 2019 08:18:15 +0000. Up 10.64 seconds.
[[0;32m  OK  [0m] Started Initial cloud-init job (pre-networking).
[[0;32m  OK  [0m] Reached target Network (Pre).
         Starting Raise network interfaces...
[[0;32m  OK  [0m] Started Raise network interfaces.
[[0;32m  OK  [0m] Reached target Network.
         Starting Initial cloud-init job (metadata service crawler)...
[   12.933393] cloud-init[951]: Cloud-init v. 18.5-45-g3554ffe8-0ubuntu1~16.04.1 running 'init' at Wed, 15 May 2019 08:18:16 +0000. Up 12.05 seconds.
[   12.939330] cloud-init[951]: ci-info: ++++++++++++++++++++++++++++++++++++++Net device info+++++++++++++++++++++++++++++++++++++++
[   12.945313] cloud-init[951]: ci-info: +--------+-------+----------------------------+---------------+--------+-------------------+
[   12.950823] cloud-init[951]: ci-info: | Device |   Up  |          Address           |      Mask     | Scope  |     Hw-Address    |
[   12.956191] cloud-init[951]: ci-info: +--------+-------+----------------------------+---------------+--------+-------------------+
[   12.968257] cloud-init[951]: ci-info: | enp0s3 |  True |         10.0.2.15          | 255.255.255.0 | global | 02:3a:f4:24:e2:72 |
[   12.972657] cloud-init[951]: ci-info: | enp0s3 |  True | fe80::3a:f4ff:fe24:e272/64 |       .       |  link  | 02:3a:f4:24:e2:72 |
[   12.977008] cloud-init[951]: ci-info: | enp0s8 | False |             .              |       .       |   .    | 08:00:27:dc:48:36 |
[   12.981619] cloud-init[951]: ci-info: |   lo   |  True |         127.0.0.1          |   255.0.0.0   |  host  |         .         |
[   12.985888] cloud-init[951]: ci-info: |   lo   |  True |          ::1/128           |       .       |  host  |         .         |
[   12.990337] cloud-init[951]: ci-info: +--------+-------+----------------------------+---------------+--------+-------------------+
[   12.994933] cloud-init[951]: ci-info: +++++++++++++++++++++++++++Route IPv4 info++++++++++++++++++++++++++++
[   12.998791] cloud-init[951]: ci-info: +-------+-------------+----------+---------------+-----------+-------+
[   13.002568] cloud-init[951]: ci-info: | Route | Destination | Gateway  |    Genmask    | Interface | Flags |
[   13.006515] cloud-init[951]: ci-info: +-------+-------------+----------+---------------+-----------+-------+
[   13.010529] cloud-init[951]: ci-info: |   0   |   0.0.0.0   | 10.0.2.2 |    0.0.0.0    |   enp0s3  |   UG  |
[   13.014634] cloud-init[951]: ci-info: |   1   |   10.0.2.0  | 0.0.0.0  | 255.255.255.0 |   enp0s3  |   U   |
[   13.018461] cloud-init[951]: ci-info: +-------+-------------+----------+---------------+-----------+-------+
[   13.022864] cloud-init[951]: ci-info: +++++++++++++++++++Route IPv6 info+++++++++++++++++++
[   13.026798] cloud-init[951]: ci-info: +-------+-------------+---------+-----------+-------+
[   13.030770] cloud-init[951]: ci-info: | Route | Destination | Gateway | Interface | Flags |
[   13.034682] cloud-init[951]: ci-info: +-------+-------------+---------+-----------+-------+
[   13.038832] cloud-init[951]: ci-info: |   0   |  fe80::/64  |    ::   |   enp0s3  |   U   |
[   13.042848] cloud-init[951]: ci-info: |   3   |   ff00::/8  |    ::   |   enp0s3  |   U   |
[   13.047036] cloud-init[951]: ci-info: +-------+-------------+---------+-----------+-------+
[   13.051013] cloud-init[951]: Generating public/private rsa key pair.
[   13.054225] cloud-init[951]: Your identification has been saved in /etc/ssh/ssh_host_rsa_key.
[   13.058027] cloud-init[951]: Your public key has been saved in /etc/ssh/ssh_host_rsa_key.pub.
[   13.061876] cloud-init[951]: The key fingerprint is:
[   13.064477] cloud-init[951]: SHA256:LOBNCw8kXBeATUn7NXsSqdSFHRPm6W3+KTG7ShtH48g root@ubuntu-xenial
[   13.068627] cloud-init[951]: The key's randomart image is:
[   13.071989] cloud-init[951]: +---[RSA 2048]----+
[   13.075444] cloud-init[951]: | ..**oo. o*o     |
[   13.078126] cloud-init[951]: |  oooo ..=.o     |
[   13.081626] cloud-init[951]: |    = o * o      |
[   13.084192] cloud-init[951]: |   . X = = .     |
[   13.086343] cloud-init[951]: |    . B S o =    |
[   13.088629] cloud-init[951]: |       . + *o.   |
[   13.090840] cloud-init[951]: |          E ++   |
[   13.093109] cloud-init[951]: |         . +o. . |
[   13.095301] cloud-init[951]: |          o..oo  |
[   13.098354] cloud-init[951]: +----[SHA256]-----+
[   13.101017] cloud-init[951]: Generating public/private dsa key pair.
[   13.104542] cloud-init[951]: Your identification has been saved in /etc/ssh/ssh_host_dsa_key.
[   13.110184] cloud-init[951]: Your public key has been saved in /etc/ssh/ssh_host_dsa_key.pub.
[   13.115878] cloud-init[951]: The key fingerprint is:
[   13.118833] cloud-init[951]: SHA256:yMg3m9XZp3L8xbXAkPbFntFgASCgPIpOTwNN1+AcCRY root@ubuntu-xenial
[   13.122390] cloud-init[951]: The key's randomart image is:
[   13.124939] cloud-init[951]: +---[DSA 1024]----+
[   13.127145] cloud-init[951]: |   Eo+=.. ....+. |
[   13.129332] cloud-init[951]: |  +.+o.. .  .....|
[   13.131770] cloud-init[951]: | . .+o     +   +.|
[   13.134177] cloud-init[951]: | ..o + . ..o+ o o|
[   13.136852] cloud-init[951]: |...oo = S o .+.o.|
[   13.139519] cloud-init[951]: |o o .. =   . o..o|
[   13.142413] cloud-init[951]: | . .  o   . +  .o|
[   13.145662] cloud-init[951]: |           o . . |
[   13.148659] cloud-init[951]: |              .  |
[   13.151212] cloud-init[951]: +----[SHA256]-----+
[   13.154080] cloud-init[951]: Generating public/private ecdsa key pair.
[   13.154647] cloud-init[951]: Your identification has been saved in /etc/ssh/ssh_host_ecdsa_key.
[[0;32m  OK  [0m] Started Initial cloud-init job (metadata service crawler).
[   13.155646] cloud-init[951]: Your public key has been saved in /etc/ssh/ssh_host_ecdsa_key.pub.
[   13.169404] cloud-init[951]: The key fingerprint is:
[   13.169604] cloud-init[951]: SHA256:0LD3gK2qxZWL+UI0aVuundTxf6JIialuKbJ2dM5Rwgk root@ubuntu-xenial
[   13.172228] cloud-init[951]: The key's randomart image is:
[   13.176156] cloud-init[951]: +---[ECDSA 256]---+
[   13.177467] cloud-init[951]: |      .          |
[   13.180282] cloud-init[951]: |   E   *         |
[   13.181580] cloud-init[951]: |    o.= =        |
[   13.183794] cloud-init[951]: |    =+.*.o       |
[   13.185097] cloud-init[951]: |   o =*.So.      |
[   13.187301] cloud-init[951]: |   ooBo+...      |
[   13.188582] cloud-init[951]: |  ..X==.o  .     |
[   13.190793] cloud-init[951]: |...+==o. .  o .  |
[   13.190837] cloud-init[951]: |ooo+o.. . .. o   |
[   13.194686] cloud-init[951]: +----[SHA256]-----+
[   13.195617] cloud-init[951]: Generating public/private ed25519 key pair.
[   13.197945] cloud-init[951]: Your identification has been saved in /etc/ssh/ssh_host_ed25519_key.
[   13.200144] cloud-init[951]: Your public key has been saved in /etc/ssh/ssh_host_ed25519_key.pub.
[   13.204122] cloud-init[951]: The key fingerprint is:
[   13.207559] cloud-init[951]: SHA256:AXnxKExwlnroRgi9wqixlXSKOLd6WKOe19l7swbmRe8 root@ubuntu-xenial
[   13.209549] cloud-init[951]: The key's randomart image is:
[   13.213609] cloud-init[951]: +--[ED25519 256]--+
[   13.216051] cloud-init[951]: | .  ..=o..       |
[   13.217016] cloud-init[951]: |. o .=o..o       |
[   13.218922] cloud-init[951]: |++ * oo.o .      |
[   13.219969] cloud-init[951]: |B.B + .. o       |
[   13.221848] cloud-init[951]: |.B + .  S .      |
[   13.223276] cloud-init[951]: |o + o  o . .     |
[   13.224391] cloud-init[951]: | = o. = o .      |
[[   13.227120] cloud-init[951]: |+ o. o o + E     |
[   13.227238] cloud-init[951]: |.+.    .+.o      |
[0;32m  OK  [0m] Reached target Network is Online.
[   13.229218] cloud-init[951]: +----[SHA256]-----+
         Starting iSCSI initiator daemon (iscsid)...
[[0;32m  OK  [0m] Reached target System Initialization.
         Starting LXD - unix socket.
[[0;32m  OK  [0m] Listening on ACPID Listen Socket.
         Starting Socket activation for snappy daemon.
[[0;32m  OK  [0m] Started Daily Cleanup of Temporary Directories.
[[0;32m  OK  [0m] Listening on UUID daemon activation socket.
[[0;32m  OK  [0m] Listening on D-Bus System Message Bus Socket.
[[0;32m  OK  [0m] Started Daily apt download activities.
[[0;32m  OK  [0m] Started Daily apt upgrade and clean activities.
[[0;32m  OK  [0m] Reached target Timers.
[[0;32m  OK  [0m] Started ACPI Events Check.
[[0;32m  OK  [0m] Reached target Paths.
[[0;32m  OK  [0m] Reached target Cloud-config availability.
[[0;32m  OK  [0m] Listening on LXD - unix socket.
[[0;32m  OK  [0m] Listening on Socket activation for snappy daemon.
[[0;32m  OK  [0m] Reached target Sockets.
[[0;32m  OK  [0m] Reached target Basic System.
         Starting /etc/rc.local Compatibility...
         Starting Virtualbox guest utils...
         Starting Login Service...
         Starting System Logging Service...
         Starting Snappy daemon...
         Starting LSB: MD monitoring daemon...
[[0;32m  OK  [0m] Started D-Bus System Message Bus.
[[0;32m  OK  [0m] Started Unattended Upgrades Shutdown.
[[0;32m  OK  [0m] Started Regular background program processing daemon.
         Starting Accounts Service...
         Starting Pollinate to seed the pseudo random number generator...
[[0;32m  OK  [0m] Started ACPI event daemon.
[[0;32m  OK  [0m] Started FUSE filesystem for LXC.
[[0;32m  OK  [0m] Started Deferred execution scheduler.
         Starting LSB: Record successful boot for GRUB...
         Starting LXD - container startup/shutdown...
[[0;32m  OK  [0m] Started System Logging Service.
[[0;32m  OK  [0m] Started iSCSI initiator daemon (iscsid).
[[0;32m  OK  [0m] Started /etc/rc.local Compatibility.
         Starting Login to default iSCSI targets...
[[0;32m  OK  [0m] Started Login Service.
[[0;32m  OK  [0m] Started LSB: MD monitoring daemon.
[[0;32m  OK  [0m] Started LSB: Record successful boot for GRUB.
[[0;32m  OK  [0m] Started Login to default iSCSI targets.
[[0;32m  OK  [0m] Reached target Remote File Systems (Pre).
[[0;32m  OK  [0m] Reached target Remote File Systems.
         Starting Permit User Sessions...
         Starting LSB: Set the CPU Frequency Scaling governor to "ondemand"...
         Starting LSB: daemon to balance interrupts for SMP systems...
         Starting LSB: automatic crash report generation...
[[0;32m  OK  [0m] Started Permit User Sessions.
         Starting Authenticate and Authorize Users to Run Privileged Tasks...
         Starting Hold until boot process finishes up...
         Starting Terminate Plymouth Boot Screen...
[[0;32m  OK  [0m] Started Virtualbox guest utils.
[[0;32m  OK  [0m] Started LSB: Set the CPU Frequency Scaling governor to "ondemand".
[[0;32m  OK  [0m] Started LSB: daemon to balance interrupts for SMP systems.
[[0;32m  OK  [0m] Started Hold until boot process finishes up.
[[0;32m  OK  [0m] Started Terminate Plymouth Boot Screen.
[[0;32m  OK  [0m] Started Snappy daemon.
         Starting Wait until snapd is fully seeded...
[[0;32m  OK  [0m] Started Getty on tty1.
         Starting Set console scheme...
[[0;32m  OK  [0m] Started Serial Getty on ttyS0.
[[0;32m  OK  [0m] Reached target Login Prompts.
[[0;32m  OK  [0m] Started Set console scheme.
[[0;32m  OK  [0m] Started Authenticate and Authorize Users to Run Privileged Tasks.
[[0;32m  OK  [0m] Started LSB: automatic crash report generation.
[[0;32m  OK  [0m] Started Accounts Service.
[[0;32m  OK  [0m] Started LXD - container startup/shutdown.
[[0;32m  OK  [0m] Started Pollinate to seed the pseudo random number generator.
         Starting OpenBSD Secure Shell server...
[[0;32m  OK  [0m] Started OpenBSD Secure Shell server.
[[0;32m  OK  [0m] Started Wait until snapd is fully seeded.
         Starting Apply the settings specified in cloud-config...
[[0;32m  OK  [0m] Reached target Multi-User System.
[[0;32m  OK  [0m] Reached target Graphical Interface.
         Starting Update UTMP about System Runlevel Changes...
[[0;32m  OK  [0m] Started Update UTMP about System Runlevel Changes.
[   15.646309] cloud-init[1283]: Generating locales (this might take a while)...
[   16.653396] cloud-init[1283]:   en_US.UTF-8... done
[   16.655732] cloud-init[1283]: Generation complete.
[   17.403896] cloud-init[1283]: Cloud-init v. 18.5-45-g3554ffe8-0ubuntu1~16.04.1 running 'modules:config' at Wed, 15 May 2019 08:18:19 +0000. Up 15.48 seconds.
[[0;32m  OK  [0m] Started Apply the settings specified in cloud-config.
         Starting Execute cloud user/final scripts...
ci-info: no authorized ssh keys fingerprints found for user ubuntu.
<14>May 15 08:18:22 ec2: 
<14>May 15 08:18:22 ec2: #############################################################
<14>May 15 08:18:22 ec2: -----BEGIN SSH HOST KEY FINGERPRINTS-----
<14>May 15 08:18:22 ec2: 1024 SHA256:yMg3m9XZp3L8xbXAkPbFntFgASCgPIpOTwNN1+AcCRY root@ubuntu-xenial (DSA)
<14>May 15 08:18:22 ec2: 256 SHA256:0LD3gK2qxZWL+UI0aVuundTxf6JIialuKbJ2dM5Rwgk root@ubuntu-xenial (ECDSA)
<14>May 15 08:18:22 ec2: 256 SHA256:AXnxKExwlnroRgi9wqixlXSKOLd6WKOe19l7swbmRe8 root@ubuntu-xenial (ED25519)
<14>May 15 08:18:22 ec2: 2048 SHA256:LOBNCw8kXBeATUn7NXsSqdSFHRPm6W3+KTG7ShtH48g root@ubuntu-xenial (RSA)
<14>May 15 08:18:22 ec2: -----END SSH HOST KEY FINGERPRINTS-----
<14>May 15 08:18:22 ec2: #############################################################
-----BEGIN SSH HOST KEY KEYS-----
ecdsa-sha2-nistp256 AAAAE2VjZHNhLXNoYTItbmlzdHAyNTYAAAAIbmlzdHAyNTYAAABBBBtK8d6OWbk1/3jHat/10tjCTUBp74q/d0h8QzsmAbbCMRhu0PBWk+EGAScXqooHVjsakOeSrwZhHNHhSwejiL4= root@ubuntu-xenial
ssh-ed25519 AAAAC3NzaC1lZDI1NTE5AAAAIK+1Vy0NS4Z8q1Q1Q0impikWz2C5BTFFdw0u6xNb0qHE root@ubuntu-xenial
ssh-rsa AAAAB3NzaC1yc2EAAAADAQABAAABAQDBy77QExGZAy2arhU3UzMdLFKCwxJTqm8a2pVH6Vyb+yeCNdEfGk363LkMeZDjmly5StlgqiuGlzUHvmPB+DcPCX+54X8w5FVDX4zKgDAxlGtSzbJEA4CsO+P4UqutnKYqz6faExLJdKpMxgXVFPi2vqcWYzr8MbTsMtZ1ta61CheDtvFTFBAG/REyeHc2lOqCE96VimwPdibbcjdfXbbeftXb72555zj3ZoxNzrlchP5NInE+CSvYPbyKbNBDs023J3qiR23pHO50PdqjdfBt0yNgsJNPksO1RDGZWpsG5aVWHMcFNmSrKcqzWzlkf+Q+HsL+67UKplm6xY0yosSL root@ubuntu-xenial
-----END SSH HOST KEY KEYS-----
[   18.494789] cloud-init[1326]: Cloud-init v. 18.5-45-g3554ffe8-0ubuntu1~16.04.1 running 'modules:final' at Wed, 15 May 2019 08:18:22 +0000. Up 18.23 seconds.
[   18.501335] cloud-init[1326]: ci-info: no authorized ssh keys fingerprints found for user ubuntu.
[   18.506198] cloud-init[1326]: Cloud-init v. 18.5-45-g3554ffe8-0ubuntu1~16.04.1 finished at Wed, 15 May 2019 08:18:22 +0000. Datasource DataSourceNoCloud [seed=/dev/sdb][dsmode=net].  Up 18.48 seconds
[[0;32m  OK  [0m] Started Execute cloud user/final scripts.
[[0;32m  OK  [0m] Reached target Cloud-init target.

Ubuntu 16.04.6 LTS ubuntu-xenial ttyS0

ubuntu-xenial login: 